============================= test session starts =============================
platform win32 -- Python 3.13.6, pytest-9.0.3, pluggy-1.6.0 -- C:\Python313\python.exe
cachedir: .pytest_cache
rootdir: C:\Users\suyil\Desktop\forensicchain\tests
plugins: anyio-4.13.0, asyncio-1.3.0, cov-7.1.0
asyncio: mode=Mode.STRICT, debug=False, asyncio_default_fixture_loop_scope=None, asyncio_default_test_loop_scope=function
collecting ... collected 41 items

test_smoke.py::test_gateway_health PASSED                                [  2%]
test_smoke.py::test_login_seed_users[admin01-admin01] PASSED             [  4%]
test_smoke.py::test_login_seed_users[investigator01-investigator01] PASSED [  7%]
test_smoke.py::test_login_seed_users[analyst01-analyst01] PASSED         [  9%]
test_smoke.py::test_login_seed_users[reviewer01-reviewer01] PASSED       [ 12%]
test_smoke.py::test_login_wrong_password PASSED                          [ 14%]
test_smoke.py::test_login_unknown_user PASSED                            [ 17%]
test_smoke.py::test_unauthenticated_evidence_returns_401 PASSED          [ 19%]
test_smoke.py::test_unauthenticated_admin_returns_401 PASSED             [ 21%]
test_e2e.py::test_investigator_view_artifact PASSED                      [ 24%]
test_e2e.py::test_analyst_verify_original PASSED                         [ 26%]
test_e2e.py::test_analyst_verify_tampered PASSED                         [ 29%]
test_e2e.py::test_reviewer_can_verify_original PASSED                    [ 31%]
test_e2e.py::test_analyst_download PASSED                                [ 34%]
test_e2e.py::test_custody_timeline PASSED                                [ 36%]
test_e2e.py::test_ledger_chain_valid PASSED                              [ 39%]
test_e2e.py::test_ledger_records_listed PASSED                           [ 41%]
test_e2e.py::test_generate_report PASSED                                 [ 43%]
test_e2e.py::test_download_report PASSED                                 [ 46%]
test_e2e.py::test_verify_report PASSED                                   [ 48%]
test_e2e.py::test_list_reports_by_artifact PASSED                        [ 51%]
test_e2e.py::test_report_events_appear_in_custody_timeline PASSED        [ 53%]
test_negative.py::test_no_token_evidence_401 PASSED                      [ 56%]
test_negative.py::test_no_token_admin_401 PASSED                         [ 58%]
test_negative.py::test_no_token_custody_401 PASSED                       [ 60%]
test_negative.py::test_no_token_ledger_401 PASSED                        [ 63%]
test_negative.py::test_no_token_reports_401 PASSED                       [ 65%]
test_negative.py::test_admin_cannot_list_evidence_403 PASSED             [ 68%]
test_negative.py::test_admin_cannot_upload_evidence_403 PASSED           [ 70%]
test_negative.py::test_reviewer_cannot_download_evidence_403 PASSED      [ 73%]
test_negative.py::test_investigator_cannot_access_custody_403 PASSED     [ 75%]
test_negative.py::test_analyst_cannot_access_custody_403 PASSED          [ 78%]
test_negative.py::test_investigator_cannot_access_ledger_403 PASSED      [ 80%]
test_negative.py::test_analyst_cannot_access_ledger_403 PASSED           [ 82%]
test_negative.py::test_investigator_cannot_generate_report_403 PASSED    [ 85%]
test_negative.py::test_analyst_cannot_generate_report_403 PASSED         [ 87%]
test_negative.py::test_reviewer_cannot_upload_evidence_403 PASSED        [ 90%]
test_negative.py::test_investigator_cannot_call_admin_403 PASSED         [ 92%]
test_negative.py::test_analyst_cannot_call_admin_403 PASSED              [ 95%]
test_negative.py::test_reviewer_cannot_call_admin_403 PASSED             [ 97%]
test_negative.py::test_investigator_cannot_access_unowned_artifact_403 PASSED [100%]

============================= 41 passed in 9.17s ==============================
